// Jest Snapshot v1, https://goo.gl/fbAQLP

exports[`GameBoard should render the correct bonus and total scores after clicking multiple letter buttons 1`] = `
<div
  class="Grid__PageContainer-sc-dhuxyx-1 jqwcJ"
>
  <div
    class="Grid__GridContainer-sc-dhuxyx-0 Grid__GameContainer-sc-dhuxyx-2 ioKryS MxoDc"
  >
    <main
      class="Grid__GameSection-sc-dhuxyx-3"
    >
      <h1
        class="Heading-sc-na8skm-0 Grid__SectionTitle-sc-dhuxyx-5 ijWcIm csBosv"
      >
        Kahoot! points
      </h1>
      <div
        class="ScoreTable__SectionBody-sc-1gj21se-2 kNjoI"
      >
        <div
          class="Grid__GridContainer-sc-dhuxyx-0 OPYyZ"
        >
          <button
            aria-label="Select letter A"
            class="Button-sc-18nym9o-0 grkJOj"
            type="button"
          >
            A
          </button>
          <button
            aria-label="Select letter B"
            class="Button-sc-18nym9o-0 juqerL"
            type="button"
          >
            B
          </button>
          <button
            aria-label="Select letter C"
            class="Button-sc-18nym9o-0 ddpfln"
            type="button"
          >
            C
          </button>
          <button
            aria-label="Select letter D"
            class="Button-sc-18nym9o-0 YlkwH"
            type="button"
          >
            D
          </button>
        </div>
      </div>
    </main>
    <aside
      class="Grid__ScoreSection-sc-dhuxyx-4 dshiz"
    >
      <h1
        class="Heading-sc-na8skm-0 Grid__SectionTitle-sc-dhuxyx-5 ijWcIm csBosv"
        id="scores-section-title"
      >
        Player items
      </h1>
      <div
        class="ScoreTable__ScoreTableColumn-sc-1gj21se-0 kQqoOu"
      >
        <table
          aria-describedby="scores-section-title"
          class="ScoreTable-sc-1gj21se-3 iNdZGG"
        >
          <thead>
            <tr
              class="ScoreTable__ScoreTableRow-sc-1gj21se-4 iOnbct"
            >
              <th
                class="ScoreTable__ScoreTableCell-sc-1gj21se-5 TligK"
                scope="col"
              >
                Item
              </th>
              <th
                class="ScoreTable__ScoreTableCell-sc-1gj21se-5 TligK"
                scope="col"
              >
                Quantity
              </th>
              <th
                class="ScoreTable__ScoreTableCell-sc-1gj21se-5 TligK"
                scope="col"
              >
                Score
              </th>
            </tr>
          </thead>
          <tbody>
            <tr
              class="ScoreTable__ScoreTableRow-sc-1gj21se-4 iOnbct"
            >
              <td
                class="ScoreTable__ScoreTableCell-sc-1gj21se-5 TligK"
              >
                <div
                  aria-label="Item A"
                  class="ItemBox-sc-l5pjw0-0 gltgDI"
                >
                  <span>
                    A
                  </span>
                </div>
              </td>
              <td
                aria-label="Quantity: 4"
                class="ScoreTable__ScoreTableCell-sc-1gj21se-5 TligK"
              >
                4
              </td>
              <td
                aria-label="Score: 600"
                class="ScoreTable__ScoreTableCell-sc-1gj21se-5 TligK"
              >
                600
              </td>
            </tr>
            <tr
              class="ScoreTable__ScoreTableRow-sc-1gj21se-4 iOnbct"
            >
              <td
                class="ScoreTable__ScoreTableCell-sc-1gj21se-5 TligK"
              >
                <div
                  aria-label="Item B"
                  class="ItemBox-sc-l5pjw0-0 iXxPJA"
                >
                  <span>
                    B
                  </span>
                </div>
              </td>
              <td
                aria-label="Quantity: 1"
                class="ScoreTable__ScoreTableCell-sc-1gj21se-5 TligK"
              >
                1
              </td>
              <td
                aria-label="Score: 80"
                class="ScoreTable__ScoreTableCell-sc-1gj21se-5 TligK"
              >
                80
              </td>
            </tr>
            <tr
              class="ScoreTable__ScoreTableRow-sc-1gj21se-4 iOnbct"
            >
              <td
                class="ScoreTable__ScoreTableCell-sc-1gj21se-5 TligK"
              >
                <div
                  aria-label="Item C"
                  class="ItemBox-sc-l5pjw0-0 jxgbKM"
                >
                  <span>
                    C
                  </span>
                </div>
              </td>
              <td
                aria-label="Quantity: 1"
                class="ScoreTable__ScoreTableCell-sc-1gj21se-5 TligK"
              >
                1
              </td>
              <td
                aria-label="Score: 60"
                class="ScoreTable__ScoreTableCell-sc-1gj21se-5 TligK"
              >
                60
              </td>
            </tr>
            <tr
              class="ScoreTable__ScoreTableRow-sc-1gj21se-4 iOnbct"
            >
              <td
                class="ScoreTable__ScoreTableCell-sc-1gj21se-5 TligK"
              >
                <div
                  aria-label="Item D"
                  class="ItemBox-sc-l5pjw0-0 kDQgoU"
                >
                  <span>
                    D
                  </span>
                </div>
              </td>
              <td
                aria-label="Quantity: 1"
                class="ScoreTable__ScoreTableCell-sc-1gj21se-5 TligK"
              >
                1
              </td>
              <td
                aria-label="Score: 40"
                class="ScoreTable__ScoreTableCell-sc-1gj21se-5 TligK"
              >
                40
              </td>
            </tr>
          </tbody>
        </table>
      </div>
      <div
        class="Grid__GridContainer-sc-dhuxyx-0 eESGYv"
      >
        <strong>
          Bonuses
        </strong>
         
        <span
          data-testid="bonus-score"
        >
          200
        </span>
      </div>
      <div>
        <hr />
      </div>
      <div
        class="Grid__GridContainer-sc-dhuxyx-0 fNbZqM"
      >
        <div>
          <p
            class="Heading-sc-na8skm-0 kNUXZO"
          >
            Total
          </p>
          <p
            class="Heading-sc-na8skm-0 bUvPQD"
            data-testid="total-score"
          >
            780
          </p>
        </div>
        <div>
          <button
            aria-label="Start a new game"
            class="Button-sc-18nym9o-0 lbBiOI"
            type="button"
          >
            New game
          </button>
        </div>
      </div>
    </aside>
  </div>
</div>
`;
